root@aisaturn-repl-prod:/var/www/chatwoot#
root@aisaturn-repl-prod:/var/www/chatwoot# sudo journalctl -u chatwoot-whatsapp-web --since "5 minutes ago" | grep -i "message\|webhook"
Oct 11 00:03:06 aisaturn-repl-prod whatsapp-web[232105]: [00:03:06.304] INFO (232105): Incoming message
Oct 11 00:03:06 aisaturn-repl-prod whatsapp-web[232105]:     messageId: "3A9509F1F08DEB85A4EC"
Oct 11 00:03:06 aisaturn-repl-prod whatsapp-web[232105]: [00:03:06.307] ERROR (232105): Webhook delivery failed
Oct 11 00:03:06 aisaturn-repl-prod whatsapp-web[232105]:     url: "http://localhost:5000/webhooks/whatsapp_web/33"
root@aisaturn-repl-prod:/var/www/chatwoot# tail -100 /var/www/chatwoot/log/production.log | grep -i "whatsapp\|webhook"
tail: cannot open '/var/www/chatwoot/log/production.log' for reading: No such file or directory
root@aisaturn-repl-prod:/var/www/chatwoot# tail -100 /var/www/chatwoot/log/production.log | grep -i "whatsapp\|webhook"
tail: cannot open '/var/www/chatwoot/log/production.log' for reading: No such file or directory
root@aisaturn-repl-prod:/var/www/chatwoot# sudo journalctl -u chatwoot-web --since "5 minutes ago" | grep -i "whatsapp\|webhook"
root@aisaturn-repl-prod:/var/www/chatwoot# cd /var/www/chatwoot
RAILS_ENV=production bundle exec rails runner "
channel = Channel::Whatsapp.last
puts \"Channel ID: #{channel.id}\"
puts \"Provider Config: #{channel.provider_config.inspect}\"
puts \"Expected Webhook: #{ENV['RAILS_BASE_URL']}/webhooks/whatsapp_web/#{channel.id}\"
"
I, [2025-10-11T00:05:02.465713 #232830]  INFO -- : [dotenv] Loaded .env.production
I, [2025-10-11T00:05:02.465822 #232830]  INFO -- : [dotenv] Loaded .env.production
I, [2025-10-11T00:05:05.133462 #232830]  INFO -- : [rake ip_lookup:setup] IP_LOOKUP_API_KEY empty. Skipping geoip database setup
Channel ID: 33
Provider Config: {"status"=>"initiating", "qr_code"=>"data:image/png;base64,iVBORw0KGgoAAAANSUhEUgAAARQAAAEUCAYAAADqcMl5AAAAAklEQVR4AewaftIAABJjSURBVO3BQY4YybLgQDJR978yR0tfBZDIKLXeHzezP1hrrQse1lrrkoe11rrkYa21LnlYa61LHtZa65KHtda65GGttS55WGutSx7WWuuSh7XWuuRhrbUueVhrrUse1lrrkoe11rrkYa21LvnhI5W/qeImlaliUpkqTlROKiaVmyreUJkqTlSmikllqnhDZap4Q+Wk4guVqWJSmSomlZOKSeVvqvjiYa21LnlYa61LHtZa65IfLqu4SeULlTdUpopJZar4ouJE5SaVLypOKiaVqeILlTcqTlSmiknlRGWq+E0VN6nc9LDWWpc8rLXWJQ9rrXXJD79M5Y2KN1SmiqliUjmpOKmYVKaKSWVSOak4qZhUJpWTikllUnmj4guVqeKkYlKZKiaVqWKqmFRuUvlNKm9U/KaHtda65GGttS55WGutS35Yn1S8UTGpnFScVEwqU8VJxYnKVPGFyonKGxVvqEwVJxWTyonKScWk8n/Jw1prXfKw1lqXPKy11iU//B+j8kbFGyonFVPFScWkMlVMKlPFVDGpTBWTyhsqb1ScqEwVJyonKicVk8obFZPKGypTxf8lD2utdcnDWmtd8rDWWpf88Msq/qaKE5VJZaqYVE4qJpWpYlKZKqaKSWWqmFTeUDmpeENlqphUvlCZKk4qTlROKiaVNyomlanipop/ycNaa13ysNZalzystdYlP1ym8i9RmSomlTcqJpWpYlKZKiaVqeKLikllqphUTlSmii8qJpUvVKaKSWWqmFTeqJhUvlCZKk5U/mUPa611ycNaa13ysNZal/zwUcX/EpWp4qRiUjlReaNiUpkqTiomlZsq3lCZKt5Q+ZdUnFRMKlPFFxX/Sx7WWuuSh7XWuuRhrbUusT/4QGWqmFRuqnhDZaq4SWWqmFS+qHhDZao4UbmpYlJ5o+ILlTcqJpXfVPGGyk0Vv+lhrbUueVhrrUse1lrrkh8+qphUpopJZar4QmWqmCpOVKaKE5UvKiaV36RyUvGFyqQyVZyovKEyVbxRcVJxojJVTCpTxRsqb1ScqEwqU8VND2utdcnDWmtd8rDWWpf8cFnFScWJyhsVb6hMFV9UTCpTxRcqU8WkclIxqUwqX1ScqHyhMlW8UTGpTBUnKicqU8WkMlW8UTGpnKhMFScqU8UXD2utdcnDWmtd8rDWWpf88JHKFxUnFf+SijdUpoqpYlI5UZkqJpVJZao4UflNFZPKScWkMlVMFScVk8pUcVLxRsWkclIxqUwVk8pU8V96WGutSx7WWuuSh7XWuuSHyyreUDlRmSomlaliUjlRmSomlaliUpkqJpUvKiaVNyreqLipYlI5UTmpOFGZKiaVqWJSOVF5o+INlROVqWJSmSomld/0sNZalzystdYlD2utdckPv0xlqjipeKPipOJEZVKZKiaVqeILlZsqJpWp4g2VqWJSmSpOKiaVqeJE5Q2VE5Wp4kTli4oTlZOKSWWqeKPipoe11rrkYa21LnlYa61L7A/+YSpTxRsqb1RMKlPFicobFZPKVDGpTBWTylQxqdxUcaIyVUwqb1ScqJxUnKhMFScqU8WJyhsVJyonFScqU8UXD2utdcnDWmtd8rDWWpf88I9RmSomlaliUjmpuEllqnhDZap4Q+WLiknlpGJS+aLipooTlZOKNypOVE4q3lCZKt5QmSpuelhrrUse1lrrkoe11rrE/uAild9UMamcVEwqJxUnKicVk8pJxaQyVbyhMlX8l1TeqJhUpooTlaniDZWpYlI5qZhUpoo3VE4q/iUPa611ycNaa13ysNZal/zwkcpJxRsqU8WkclLxhcpJxaQyqUwVk8pvqphUpoo3VN6omComlROVqeILlZOKqeKk4kRlqvibVKaKSWWquOlhrbUueVhrrUse1lrrEvuDD1S+qDhRmSomlTcqJpWpYlKZKiaVqWJSeaPib1I5qZhUpopJ5aTiC5UvKk5Uvqg4UZkqJpWp4g2Vk4pJZar44mGttS55WGutSx7WWusS+4OLVN6oeEPljYoTlaliUvkvVbyhMlV8oTJVfKFyUjGpvFFxojJVfKEyVZyonFScqJxUnKicVHzxsNZalzystdYlD2utdckPl1WcqEwqU8WkclLxhspNFScqJxWTyqQyVUwqU8WJyhsVk8pU8Zsq/iaVqWJSOVH5QuWk4kRlqjipuOlhrbUueVhrrUse1lrrkh8uU7mpYlKZVKaKNyomlZOKSeWk4iaVqWJSmSpuqjhRmSqmikllUpkqJpWbVKaKmyreUHlD5UTlb3pYa61LHtZa65KHtda6xP7gIpWpYlKZKiaVk4oTlZOKSWWqmFSmijdU3qiYVE4qJpWTii9UpooTlaliUnmj4kRlqphU3qi4SeWNiknlpOJE5aTii4e11rrkYa21LnlYa61L7A9+kcoXFW+oTBWTyhsVJypTxaQyVXyh8kbFpDJVTCpTxaRyUjGp/KaKSWWqOFF5o+I3qXxR8V96WGutSx7WWuuSh7XWusT+4CKVv6liUnmjYlKZKiaVmyomlaliUnmj4guVqeILlS8qvlCZKiaVqWJSOamYVE4qJpWpYlKZKr5QmSq+eFhrrUse1lrrkoe11rrkh49UTiomlTcqJpU3KiaVN1SmiknlpOJEZao4qZhUTlROKm5SmSqmihOVqeILlTcqTipOVKaKL1S+UJkqpoqbHtZa65KHtda65GGttS6xP7hI5aRiUpkqJpU3KiaVv6niC5WpYlI5qXhD5TdVTConFZPKScWkMlW8oTJVTCq/qeINlaniROWk4ouHtda65GGttS55WGutS374y1SmipOKN1TeqDhRmSpOVE4qJpWp4qRiUvmiYlI5qZhU3qiYVN6omFSmiknlpOKLiknlC5WTiqliUpkqTipuelhrrUse1lrrkoe11rrE/uAilf9SxaQyVfzLVKaKN1SmiknlN1VMKr+pYlJ5o2JSOamYVKaKSWWqmFT+popJZar44mGttS55WGutSx7WWuuSHz5SOamYVE4q3lA5qThRmSpOVN6oOFF5Q+WkYlJ5o+INlUllqphU3qiYVL6omFSmihOVE5Wp4o2KN1SmikllUpkqbnpYa61LHtZa65KHtda65IePKiaVk4pJ5URlqnhDZaqYKiaVNyomlTcqJpUvVKaKSeUNlanipGJS+U0qU8WJyhcVf5PKVPFFxaQyVXzxsNZalzystdYlD2utdckPH6lMFZPKVPFGxW9SOam4SWWqmComlaliUjlRmSomlZOKLyomlaliUjmpmFQmlZOKSeVE5aRiUpkqJpU3Kr6omFSmipse1lrrkoe11rrkYa21LrE/+EBlqphU/ksVJypTxRcqU8WJyhsVX6j8L6m4SWWqeEPljYpJ5W+qmFROKr54WGutSx7WWuuSh7XWuuSHy1SmijdUpopJ5QuVqeINlaliqphUpoqpYlKZKiaVLyomlaniROWk4kRlqphUTlS+qPgvVZyovFExqZxU/KaHtda65GGttS55WGutS+wPPlCZKiaVk4pJ5Y2KSeWLihOVNypOVE4qTlS+qJhUflPFFypTxaTyRsWkclIxqUwVJypTxaRyUnGiclIxqUwVXzystdYlD2utdcnDWmtd8sNlKicVk8pUcaIyqZxUTConKlPFScUXFTdV/KaKE5Wp4guVqWJSmSomlaliUpkqJpU3VE4qJpWpYlKZVN6oOKm46WGttS55WGutSx7WWusS+4MPVKaKE5Wp4kRlqjhReaNiUpkqTlSmihOVqeILlZOKSeWkYlKZKt5Q+U0Vk8obFScqv6niROWNiknljYovHtZa65KHtda65GGttS6xP7hIZaqYVN6oOFH5TRW/SWWqOFE5qThReaPiRGWqOFF5o2JS+ZsqJpWTihOVqeJE5aRiUpkq/qaHtda65GGttS55WGutS364rGJSOak4UfmbKiaVk4oTld9UMal8UTGpvKEyVUwVJyqTyhsVJypTxYnKVDGpTCq/qWJSeUNlqrjpYa21LnlYa61LHtZa6xL7gw9Ubqr4QuWNijdUbqr4TSpTxaRyUjGpTBWTyhsVJypTxU0qJxWTyknFpDJVTConFScqU8UbKlPFFw9rrXXJw1prXfKw1lqX2B98oDJVTCpTxYnKScUbKlPFicpUcaLyRsVNKn9TxaRyUnGiMlX8l1S+qDhROamYVE4qvlCZKr54WGutSx7WWuuSh7XWuuSHy1S+qDhRmSpuqviiYlKZVKaKE5WTijdU3qh4o+JE5QuVqWJSeaNiqvhCZaqYKn6TylQxqfymh7XWuuRhrbUueVhrrUt++GUVk8pUcaIyVbxRcaIyVbxRcVLxRcUbKlPFScWkcqLyhspU8YbKGxVvqLxRMam8ofJFxUnFpPI3Pay11iUPa611ycNaa13yw2UVk8oXFScqU8UXKicVk8pUMam8UTGpnFRMFW+onKicVLyhMlW8UTGpTBWTyhcVk8oXFZPKGyonFVPFicpND2utdcnDWmtd8rDWWpfYH3yg8kbFpDJVTConFZPKVDGpTBU3qZxUTConFZPKVDGpTBVfqEwVJyo3VXyhclIxqfyXKt5QmSomlaniNz2stdYlD2utdcnDWmtdYn9wkcpU8YbKVPGGylRxojJVTCpfVLyhMlWcqNxUcZPKScWkMlWcqPymikllqnhDZap4Q2WqOFE5qbjpYa21LnlYa61LHtZa65IfPlI5UZkqJpUTlTcq/mUqJxWTylRxUnGTyhcVk8pJxaRyUjGpnFRMKicqJypvVEwqU8WkMlVMKicVJypTxRcPa611ycNaa13ysNZal9gffKAyVZyoTBWTylTxL1GZKiaVqWJSeaPiC5WpYlL5omJSeaNiUpkqJpWTikllqvhNKlPFpPJGxRsqU8Xf9LDWWpc8rLXWJQ9rrXWJ/cEHKlPFpHJScaJyUjGpTBWTylQxqbxRcaIyVUwqU8WJyhsVJypTxaQyVUwqU8WJyhcVX6hMFZPK/5KKE5WTipse1lrrkoe11rrkYa21LrE/+ItUpoo3VE4qJpU3KiaVLyomlaniROWNijdU3qi4SeWk4g2VmyreUJkqblKZKt5QmSpuelhrrUse1lrrkoe11rrE/uAXqfxLKiaVqeINlaliUjmpOFGZKiaVLyomlTcqJpWTihOVqWJSOak4UZkqTlS+qJhUvqiYVE4qTlSmii8e1lrrkoe11rrkYa21LvnhI5U3KiaVqeJEZao4UblJ5Y2KN1SmikllqphUpopJZVKZKiaVqeKkYlI5UZkqJpWpYlI5UTlRmSqmikllqjhRmSomlZOKk4p/ycNaa13ysNZalzystdYl9gcfqHxRcaLyRsWkMlVMKlPFicobFScqU8XfpPIvq3hDZaq4SeWkYlL5L1VMKlPFTQ9rrXXJw1prXfKw1lqX/PBRxW+qOFGZVKaKSWWqmFTeqJhUTlSmikllqphUTiomlanipOINlZOKN1TeUDlRmSomlanijYpJZaqYVE4q3lD5lzystdYlD2utdcnDWmtd8sNHKn9TxVQxqUwqU8UbFb9J5YuKk4ovVKaKk4pJ5SaVqWJSeaNiUpkqpopJZao4qZhUTlSmijdUpopJZar44mGttS55WGutSx7WWuuSHy6ruEnlRGWqmFQmlTdUTiqmipOKSWWqmFSmiknljYo3Km6qmFTeqDipuEnlC5UvKt6oOFGZKm56WGutSx7WWuuSh7XWuuSHX6byRsW/rGJSOak4qZhU3qiYVKaKSeVE5QuVE5XfpDJVTCpTxUnFpPJGxYnKpPKFylQxVfymh7XWuuRhrbUueVhrrUt++D9GZaqYVKaKE5WTipsqJpUTlROVk4pJ5Y2Km1ROVKaKE5UTlTcqJpVJZap4o2JSmSpuUpkqvnhYa61LHtZa65KHtda65If/z6lMFVPFpDJV/KaKk4o3VCaVqeI3qZxU/EtUpoovVKaKSWWqmFSmin/Jw1prXfKw1lqXPKy11iU//LKK31RxojJVTCqTylRxonJSMalMFZPKVPGGylTxhcpJxaQyVZxUTConFZPKVDGpnFScqEwqJxU3qZyoTBX/pYe11rrkYa21LnlYa61L7A8+UPmbKiaV31RxonJS8YXKGxW/SWWqOFGZKiaVNypOVN6omFSmiknljYpJ5aRiUpkq3lB5o+KLh7XWuuRhrbUueVhrrUvsD9Za64KHtda65GGttS55WGutSx7WWuuSh7XWuuRhrbUueVhrrUse1lrrkoe11rrkYa21LnlYa61LHtZa65KHtda65GGttS55WGutS/4fqrHGWj2V7VAAAAAASUVORK5CYII="}
Expected Webhook: /webhooks/whatsapp_web/33
root@aisaturn-repl-prod:/var/www/chatwoot#