root@aisaturn-repl-prod:/var/www# node --version
v18.20.8
root@aisaturn-repl-prod:/var/www# curl -fsSL https://deb.nodesource.com/setup_20.x | sudo -E bash -
2025-10-05 23:59:21 - Installing pre-requisites
Get:1 http://apt.postgresql.org/pub/repos/apt plucky-pgdg InRelease [25.5 kB]
Hit:2 http://security.ubuntu.com/ubuntu plucky-security InRelease
Err:1 http://apt.postgresql.org/pub/repos/apt plucky-pgdg InRelease
  The following signatures couldn't be verified because the public key is not available: NO_PUBKEY 7FCC7D46ACCC4CF8
Hit:3 http://mirrors.digitalocean.com/ubuntu plucky InRelease
Hit:4 https://repos.insights.digitalocean.com/apt/do-agent main InRelease
Hit:5 http://mirrors.digitalocean.com/ubuntu plucky-updates InRelease
Get:6 https://deb.nodesource.com/node_23.x nodistro InRelease [12.1 kB]
Hit:7 https://repos-droplet.digitalocean.com/apt/droplet-agent main InRelease
Get:8 https://deb.nodesource.com/node_23.x nodistro/main amd64 Packages [3689 B]
Hit:9 http://mirrors.digitalocean.com/ubuntu plucky-backports InRelease
Err:10 https://packages.redis.io/deb plucky InRelease
  403  Forbidden [IP: 18.173.205.111 443]
Reading package lists... Done
W: OpenPGP signature verification failed: http://apt.postgresql.org/pub/repos/apt plucky-pgdg InRelease: The following signatures couldn't be verified because the public key is not available: NO_PUBKEY 7FCC7D46ACCC4CF8
E: The repository 'http://apt.postgresql.org/pub/repos/apt plucky-pgdg InRelease' is not signed.
N: Updating from such a repository can't be done securely, and is therefore disabled by default.
N: See apt-secure(8) manpage for repository creation and user configuration details.
E: Failed to fetch https://packages.redis.io/deb/dists/plucky/InRelease  403  Forbidden [IP: 18.173.205.111 443]
E: The repository 'https://packages.redis.io/deb plucky InRelease' is not signed.
N: Updating from such a repository can't be done securely, and is therefore disabled by default.
N: See apt-secure(8) manpage for repository creation and user configuration details.
N: Some sources can be modernized. Run 'apt modernize-sources' to do so.
2025-10-05 23:59:23 - Error: Failed to run 'apt-get update' (Exit Code: 0)
root@aisaturn-repl-prod:/var/www# sudo apt-get install -y nodejs
Reading package lists... Done
Building dependency tree... Done
Reading state information... Done
Solving dependencies... Done
The following packages will be upgraded:
  nodejs
1 upgraded, 0 newly installed, 0 to remove and 6 not upgraded.
Need to get 37.6 MB of archives.
After this operation, 40.5 MB of additional disk space will be used.
Get:1 https://deb.nodesource.com/node_23.x nodistro/main amd64 nodejs amd64 23.11.1-1nodesource1 [37.6 MB]
Fetched 37.6 MB in 1s (38.3 MB/s)
(Reading database ... 88657 files and directories currently installed.)
Preparing to unpack .../nodejs_23.11.1-1nodesource1_amd64.deb ...
Detected old npm client, removing...
Unpacking nodejs (23.11.1-1nodesource1) over (18.20.8-1nodesource1) ...
Setting up nodejs (23.11.1-1nodesource1) ...
Processing triggers for man-db (2.13.0-1) ...
Scanning processes...
Scanning candidates...
Scanning linux images...

Running kernel seems to be up-to-date.

Restarting services...

Service restarts being deferred:
 /etc/needrestart/restart.d/dbus.service
 systemctl restart getty@tty1.service
 systemctl restart serial-getty@ttyS0.service
 systemctl restart systemd-logind.service
 systemctl restart unattended-upgrades.service

No containers need to be restarted.

No user sessions are running outdated binaries.

No VM guests are running outdated hypervisor (qemu) binaries on this host.
root@aisaturn-repl-prod:/var/www# sudo npm install -g yarn

added 1 package in 779ms
root@aisaturn-repl-prod:/var/www# yarn --version
1.22.22
root@aisaturn-repl-prod:/var/www#